# serializer version: 1
# name: test_ws_detect
  dict({
    'timestamp': 2048.0,
    'ww_id': 'test_ww',
  })
# ---
